#Genus_of_top hits for tests_old_and_new_tax.tab
Microviridae:	3
Dictyostelium:	2
