#top kingdom hit for tests_old_and_new_tax.tab
Eukaryota:	0
N/A:	0
Bacteria;Eukaryota:	0
Unclassified:	5
Archaea;Eukaryota:	0
Other:	0
Bacteria;Viruses:	0
Archaea:	0
Virus:	0
Eukaryota;Viruses:	0
Bacteria:	0
