Mp1_MpSec22	Mp_O_5400_c0_seq1	100.00	139	0	0	1	139	40	456	5e-94	  281
Mp1_MpSec22	Mp_O_33446_c0_seq3	39.47	38	23	0	87	124	2008	2121	4.4	29.6

MpCOO2	Mp_O_22673_c0_seq1	This has a start site predicted too early, - This is not the published C002

MpCOO2	Mp_O_36364_c0_seq1	This has a start site predicted too early, - This is the published c002

	MpCOO2 should be :MGSYKLYLAVMAIAVIAAVQEISCKVQTSEQDDDQEGYYDDEGGVNDNQGEENDNQGEENDNQGEENDNQGEENDNQGEEKEEVSEPEMEHHQCEEYKSKIWNDAFSNPKAMNLMKLTFNTAKELGSNEVCSDTTRALFNFVDVMATSPYAHFSLGMFNKMVAFILREVDTTSDKFKETKQVVDRISKTPEIRDYIRNSAAKTVDLLKEPKIRARLFRVMKAFESLIKPNENEALIKQKIKGLTNAPVKLAKGAMKTVGRFFRHF



MpSec5	Mp_O_20647_c0_seq2	This has a start site predicted too early, and does not even start with ATG


	MPSEC5 should be: MAFKEIAMFSSLVVVIISYNVLESNALMMQPLIDQDFCAVKASLYELGEAEMNLMDDSQT
	LNDMQREYFAGKVDYSAVERARNELNKSKNKWFQKVIQYLKATNEFEPTINYQTSDPQKV
	YHQMDDLDNYKDALDDMHENILKSMSPTVAQPVVA 

MpSec75	Mp_O_24178_c0_seq5	99.28	139	1	0	1	139	48	464	1e-91	  278
MpSec75	Mp_O_29919_c0_seq4	99.28	139	1	0	1	139	1030	614	1e-91	  278
