>GPLIN_000000100	|pathogens_Gpal_scaffold_1	[10:15]5bp_downstream + strand
GTTTT
>GPLIN_000000200	|pathogens_Gpal_scaffold_1	[30:35]5bp_downstream + strand
AAAAA
>GPLIN_000000300	|pathogens_Gpal_scaffold_1	[35:40]5bp_downstream - strand
TTTTTT
>GPLIN_000000400	|pathogens_Gpal_scaffold_1	[50:55]5bp_downstream - strand
AAAAAT
>GPLIN_000000500	|pathogens_Gpal_scaffold_1	[110:115]5bp_downstream + strand
GCTTG
